SQL> /* ---------------------------------------------------- */
SQL> /*  Generated by Enterprise Architect Version 12.0 		*/
SQL> /*  Created On : 24-mar.-2018 3:06:31 p. m. 				*/
SQL> /*  DBMS       : Oracle 						*/
SQL> /* ---------------------------------------------------- */
SQL> 
SQL> /* Create Tables */
SQL> 
SQL> CREATE TABLE "VENTA"
  2  (
  3  	"IDVENTA" NUMBER(4) NOT NULL,
  4  	"FECHAVENTA" DATE NOT NULL,
  5  	"TOTAL" NUMBER(17,3) NOT NULL,
  6  	"IDREPRESENTANTE" NUMBER(15) NOT NULL,
  7  	"IDCLIENTE" NUMBER(15) NOT NULL,
  8  	"IDTIPOPAGO" NUMBER(1) NOT NULL,
  9  	"IDBANCO" NUMBER(2) NULL,
 10  	"IDESTADOVENTA" NUMBER(1) NOT NULL
 11  )
 12  ;

Table created.

SQL> 
SQL> CREATE TABLE "TIPOREPRESENTANTEVENTAS"
  2  (
  3  	"IDTIPOREPRESENTANTE" NUMBER(1) NOT NULL,
  4  	"NOMBRETIPOREPRESENTANTE" VARCHAR(25) NOT NULL,
  5  	"PORCENTAJE" NUMBER(3,2) NOT NULL
  6  )
  7  ;

Table created.

SQL> 
SQL> CREATE TABLE "TIPOPAGO"
  2  (
  3  	"IDTIPOPAGO" NUMBER(1) NOT NULL,
  4  	"NOMBRETIPOPAGO" VARCHAR(25) NOT NULL
  5  )
  6  ;

Table created.

SQL> 
SQL> CREATE TABLE "TIPOCONTACTO"
  2  (
  3  	"IDTIPOCONTACTO" NUMBER(2) NOT NULL,
  4  	"NOMBRETIPOCONTACTO" VARCHAR(25) NOT NULL
  5  )
  6  ;

Table created.

SQL> 
SQL> CREATE TABLE "SUBCATEGORIA"
  2  (
  3  	"IDSUBCATEGORIA" NUMBER(3) NOT NULL,
  4  	"NOMBRESUBCATEGORIA" VARCHAR(100) NOT NULL,
  5  	"IDCATEGORIA" NUMBER(2) NOT NULL
  6  )
  7  ;

Table created.

SQL> 
SQL> CREATE TABLE "STOCK"
  2  (
  3  	"IDSTOCK" NUMBER(2) NOT NULL,
  4  	"IDPAIS" NUMBER(2) NOT NULL,
  5  	"IDREGION" NUMBER(2) NOT NULL,
  6  	"DIRECCIONSTOCK" VARCHAR(200) NOT NULL
  7  )
  8  ;

Table created.

SQL> 
SQL> CREATE TABLE "REGION"
  2  (
  3  	"IDREGION" NUMBER(2) NOT NULL,
  4  	"IDPAIS" NUMBER(2) NOT NULL,
  5  	"NOMBREREGION" VARCHAR(25) NOT NULL
  6  )
  7  ;

Table created.

SQL> 
SQL> CREATE TABLE "PRODUCTO"
  2  (
  3  	"IDPRODUCTO" NUMBER(4) NOT NULL,
  4  	"NOMBREPRODUCTO" VARCHAR(100) NOT NULL,
  5  	"DESCRIPCION" VARCHAR(250) NOT NULL,
  6  	"IDSUBCATEGORIA" NUMBER(3) NULL,
  7  	"IDCATEGORIA" NUMBER(2) NOT NULL
  8  )
  9  ;

Table created.

SQL> 
SQL> CREATE TABLE "PERSONA"
  2  (
  3  	"IDPERSONA" NUMBER(15) NOT NULL,
  4  	"NOMBRE" VARCHAR(50) NOT NULL,
  5  	"APELLIDO" VARCHAR(50) NOT NULL,
  6  	"GENERO" VARCHAR(1) NOT NULL,
  7  	"IDCIUDAD" NUMBER(2) NOT NULL,
  8  	"IDPAIS" NUMBER(2) NOT NULL,
  9  	"IDREGION" NUMBER(2) NOT NULL,
 10  	"IDREPRESENTANTECLIENTE" NUMBER(15) NULL,
 11  	"IDCARGO" NUMBER(1) NULL,
 12  	"IDTIPOREPRESENTANTE" NUMBER(1) NULL,
 13  	"ULTIMACONEXION" DATE NULL
 14  )
 15  ;

Table created.

SQL> 
SQL> CREATE TABLE "PAIS"
  2  (
  3  	"IDPAIS" NUMBER(2) NOT NULL,
  4  	"NOMBREPAIS" VARCHAR(25) NULL
  5  )
  6  ;

Table created.

SQL> 
SQL> CREATE TABLE "ITEM"
  2  (
  3  	"IDITEM" NUMBER(4) NOT NULL,
  4  	"IDSTOCK" NUMBER(2) NOT NULL,
  5  	"IDPAIS" NUMBER(2) NULL,
  6  	"IDREGION" NUMBER(2) NULL,
  7  	"IDPRODUCTO" NUMBER(4) NOT NULL,
  8  	"CANTIDAD" NUMBER(4) NOT NULL,
  9  	"PRECIOVENTA" NUMBER(10,3) NOT NULL
 10  )
 11  ;

Table created.

SQL> 
SQL> CREATE TABLE "ESTADOVENTA"
  2  (
  3  	"IDESTADOVENTA" NUMBER(1) NOT NULL,
  4  	"NOMBREESTADOVENTA" VARCHAR(15) NOT NULL
  5  )
  6  ;

Table created.

SQL> 
SQL> CREATE TABLE "DETALLEVENTA"
  2  (
  3  	"IDDETALLEVENTA" NUMBER(7) NOT NULL,
  4  	"IDPRODUCTO" NUMBER(4) NOT NULL,
  5  	"IDVENTA" NUMBER(4) NOT NULL,
  6  	"CANTIDAD" NUMBER(3) NOT NULL,
  7  	"PRECIOTOTAL" NUMBER(17,3) NOT NULL
  8  )
  9  ;

Table created.

SQL> 
SQL> CREATE TABLE "CONTACTO"
  2  (
  3  	"IDCONTACTO" NUMBER(3) NOT NULL,
  4  	"IDTIPOCONTACTO" NUMBER(2) NOT NULL,
  5  	"IDPERSONA" NUMBER(15) NULL,
  6  	"DETALLECONTACTO" VARCHAR(150) NOT NULL
  7  )
  8  ;

Table created.

SQL> 
SQL> CREATE TABLE "CIUDAD"
  2  (
  3  	"IDCIUDAD" NUMBER(2) NOT NULL,
  4  	"IDPAIS" NUMBER(2) NOT NULL,
  5  	"IDREGION" NUMBER(2) NOT NULL,
  6  	"NOMBRECIUDAD" VARCHAR(25) NOT NULL
  7  )
  8  ;

Table created.

SQL> 
SQL> CREATE TABLE "CATEGORIA"
  2  (
  3  	"IDCATEGORIA" NUMBER(2) NOT NULL,
  4  	"NOMBRECATEGORIA" VARCHAR(100) NOT NULL
  5  )
  6  ;

Table created.

SQL> 
SQL> CREATE TABLE "CARGO"
  2  (
  3  	"IDCARGO" NUMBER(1) NOT NULL,
  4  	"DETALLECARGO" VARCHAR(25) NOT NULL
  5  )
  6  ;

Table created.

SQL> 
SQL> CREATE TABLE "CALIFICACION"
  2  (
  3  	"IDCALIFICACION" NUMBER(4) NOT NULL,
  4  	"IDCLIENTE" NUMBER(15) NOT NULL,
  5  	"IDREPRESENTATE" NUMBER(15) NOT NULL,
  6  	"PUNTAJECALIFICACION" NUMBER(1) NOT NULL,
  7  	"COMENTARIO" VARCHAR(225) NULL
  8  )
  9  ;

Table created.

SQL> 
SQL> CREATE TABLE "BANCO"
  2  (
  3  	"IDBANCO" NUMBER(2) NOT NULL,
  4  	"NOMBREBANCO" VARCHAR(25) NOT NULL
  5  )
  6  ;

Table created.

SQL> 
SQL> /* Create Comments, Sequences and Triggers for Autonumber Columns */
SQL> 
SQL> CREATE SEQUENCE "SEQ_VENTA_IDVENTA"
  2  	INCREMENT BY 1
  3  	START WITH 1
  4  	NOMAXVALUE
  5  	MINVALUE  1
  6  	NOCYCLE
  7  	NOCACHE
  8  	NOORDER
  9  ;

Sequence created.

SQL> 
SQL> 
SQL> /* CREATE SEQUENCE "SEQ_TIPOREPRESENTANTEVENTAS_IDTIPOREPRESENTANTE" */
SQL> 
SQL> CREATE SEQUENCE "SEQ_TIPOREPRESENTANTEVENTAS_ID"
  2  	INCREMENT BY 1
  3  	START WITH 1
  4  	NOMAXVALUE
  5  	MINVALUE  1
  6  	NOCYCLE
  7  	NOCACHE
  8  	NOORDER
  9  ;

Sequence created.

SQL> 
SQL> CREATE SEQUENCE "SEQ_TIPOPAGO_IDTIPOPAGO"
  2  	INCREMENT BY 1
  3  	START WITH 1
  4  	NOMAXVALUE
  5  	MINVALUE  1
  6  	NOCYCLE
  7  	NOCACHE
  8  	NOORDER
  9  ;

Sequence created.

SQL> 
SQL> /* CREATE SEQUENCE "SEQ_TIPOCONTACTO_IDTIPOCONTACTO" */
SQL> CREATE SEQUENCE "SEQ_TIPOCONTACTO_ID"
  2  	INCREMENT BY 1
  3  	START WITH 1
  4  	NOMAXVALUE
  5  	MINVALUE  1
  6  	NOCYCLE
  7  	NOCACHE
  8  	NOORDER
  9  ;

Sequence created.

SQL> /* CREATE SEQUENCE "SEQ_SUBCATEGORIA_IDSUBCATEGORIA" */
SQL> CREATE SEQUENCE "SEQ_SUBCATEGORIA_ID"
  2  	INCREMENT BY 1
  3  	START WITH 1
  4  	NOMAXVALUE
  5  	MINVALUE  1
  6  	NOCYCLE
  7  	NOCACHE
  8  	NOORDER
  9  ;

Sequence created.

SQL> 
SQL> CREATE SEQUENCE "SEQ_STOCK_IDSTOCK"
  2  	INCREMENT BY 1
  3  	START WITH 1
  4  	NOMAXVALUE
  5  	MINVALUE  1
  6  	NOCYCLE
  7  	NOCACHE
  8  	NOORDER
  9  ;

Sequence created.

SQL> 
SQL> CREATE SEQUENCE "SEQ_REGION_IDREGION"
  2  	INCREMENT BY 1
  3  	START WITH 1
  4  	NOMAXVALUE
  5  	MINVALUE  1
  6  	NOCYCLE
  7  	NOCACHE
  8  	NOORDER
  9  ;

Sequence created.

SQL> 
SQL> CREATE SEQUENCE "SEQ_PRODUCTO_IDPRODUCTO"
  2  	INCREMENT BY 1
  3  	START WITH 1
  4  	NOMAXVALUE
  5  	MINVALUE  1
  6  	NOCYCLE
  7  	NOCACHE
  8  	NOORDER
  9  ;

Sequence created.

SQL> 
SQL> 
SQL> CREATE SEQUENCE "SEQ_PAIS_IDPAIS"
  2  	INCREMENT BY 1
  3  	START WITH 1
  4  	NOMAXVALUE
  5  	MINVALUE  1
  6  	NOCYCLE
  7  	NOCACHE
  8  	NOORDER
  9  ;

Sequence created.

SQL> 
SQL> 
SQL> CREATE SEQUENCE "SEQ_ITEM_IDITEM"
  2  	INCREMENT BY 1
  3  	START WITH 1
  4  	NOMAXVALUE
  5  	MINVALUE  1
  6  	NOCYCLE
  7  	NOCACHE
  8  	NOORDER
  9  ;

Sequence created.

SQL> 
SQL> CREATE SEQUENCE "SEQ_ESTADOVENTA_IDESTADOVENTA"
  2  	INCREMENT BY 1
  3  	START WITH 1
  4  	NOMAXVALUE
  5  	MINVALUE  1
  6  	NOCYCLE
  7  	NOCACHE
  8  	NOORDER
  9  ;

Sequence created.

SQL> /* CREATE SEQUENCE "SEQ_DETALLEVENTA_IDDETALLEVENTA" */
SQL> CREATE SEQUENCE "SEQ_DETALLEVENTA_ID"
  2  	INCREMENT BY 1
  3  	START WITH 1
  4  	NOMAXVALUE
  5  	MINVALUE  1
  6  	NOCYCLE
  7  	NOCACHE
  8  	NOORDER
  9  ;

Sequence created.

SQL> 
SQL> CREATE SEQUENCE "SEQ_CONTACTO_IDCONTACTO"
  2  	INCREMENT BY 1
  3  	START WITH 1
  4  	NOMAXVALUE
  5  	MINVALUE  1
  6  	NOCYCLE
  7  	NOCACHE
  8  	NOORDER
  9  ;

Sequence created.

SQL> 
SQL> CREATE SEQUENCE "SEQ_CIUDAD_IDCIUDAD"
  2  	INCREMENT BY 1
  3  	START WITH 1
  4  	NOMAXVALUE
  5  	MINVALUE  1
  6  	NOCYCLE
  7  	NOCACHE
  8  	NOORDER
  9  ;

Sequence created.

SQL> 
SQL> CREATE SEQUENCE "SEQ_CATEGORIA_IDCATEGORIA"
  2  	INCREMENT BY 1
  3  	START WITH 1
  4  	NOMAXVALUE
  5  	MINVALUE  1
  6  	NOCYCLE
  7  	NOCACHE
  8  	NOORDER
  9  ;

Sequence created.

SQL> 
SQL> CREATE SEQUENCE "SEQ_CARGO_IDCARGO"
  2  	INCREMENT BY 1
  3  	START WITH 1
  4  	NOMAXVALUE
  5  	MINVALUE  1
  6  	NOCYCLE
  7  	NOCACHE
  8  	NOORDER
  9  ;

Sequence created.

SQL> 
SQL> CREATE SEQUENCE "SEQ_BANCO_IDBANCO"
  2  	INCREMENT BY 1
  3  	START WITH 1
  4  	NOMAXVALUE
  5  	MINVALUE  1
  6  	NOCYCLE
  7  	NOCACHE
  8  	NOORDER
  9  ;

Sequence created.

SQL> 
SQL> /* Create Primary Keys, Indexes, Uniques, Checks, Triggers */
SQL> 
SQL> ALTER TABLE "VENTA"
  2   ADD CONSTRAINT "PK_VENTA"
  3  	PRIMARY KEY ("IDVENTA") USING INDEX
  4  ;

Table altered.

SQL> 
SQL> ALTER TABLE "VENTA"
  2   ADD CONSTRAINT "CK_TOTAL" CHECK (TOTAL>0)
  3  ;

Table altered.

SQL> 
SQL> ALTER TABLE "TIPOREPRESENTANTEVENTAS"
  2   ADD CONSTRAINT "PK_TIPOREPRESEN_01"
  3  	PRIMARY KEY ("IDTIPOREPRESENTANTE") USING INDEX
  4  ;

Table altered.

SQL> 
SQL> ALTER TABLE "TIPOREPRESENTANTEVENTAS"
  2   ADD CONSTRAINT "CK_PORCENTAJE" CHECK (PORCENTAJE>0 AND PORCENTAJE<=1)
  3  ;

Table altered.

SQL> 
SQL> ALTER TABLE "TIPOPAGO"
  2   ADD CONSTRAINT "PK_TIPOPAGO"
  3  	PRIMARY KEY ("IDTIPOPAGO") USING INDEX
  4  ;

Table altered.

SQL> 
SQL> ALTER TABLE "TIPOCONTACTO"
  2   ADD CONSTRAINT "PK_TIPOCONTACTO"
  3  	PRIMARY KEY ("IDTIPOCONTACTO") USING INDEX
  4  ;

Table altered.

SQL> 
SQL> ALTER TABLE "SUBCATEGORIA"
  2   ADD CONSTRAINT "PK_SUBCATEGORIA"
  3  	PRIMARY KEY ("IDSUBCATEGORIA") USING INDEX
  4  ;

Table altered.

SQL> 
SQL> ALTER TABLE "STOCK"
  2   ADD CONSTRAINT "PK_STOCK"
  3  	PRIMARY KEY ("IDSTOCK","IDPAIS","IDREGION") USING INDEX
  4  ;

Table altered.

SQL> 
SQL> ALTER TABLE "STOCK"
  2   ADD CONSTRAINT "UK_STOCK" UNIQUE ("IDPAIS","IDREGION") USING INDEX
  3  ;

Table altered.

SQL> 
SQL> ALTER TABLE "REGION"
  2   ADD CONSTRAINT "PK_REGION"
  3  	PRIMARY KEY ("IDREGION","IDPAIS") USING INDEX
  4  ;

Table altered.

SQL> 
SQL> ALTER TABLE "PRODUCTO"
  2   ADD CONSTRAINT "PK_PRODUCTO"
  3  	PRIMARY KEY ("IDPRODUCTO") USING INDEX
  4  ;

Table altered.

SQL> 
SQL> ALTER TABLE "PERSONA"
  2   ADD CONSTRAINT "PK_PERSONA"
  3  	PRIMARY KEY ("IDPERSONA") USING INDEX
  4  ;

Table altered.

SQL> 
SQL> ALTER TABLE "PERSONA"
  2   ADD CONSTRAINT "CK_GENERO" CHECK (GENERO IN ('F','M'))
  3  ;

Table altered.

SQL> 
SQL> ALTER TABLE "PERSONA"
  2   ADD CONSTRAINT "CK_IDPERSONA" CHECK (IDPERSONA>0)
  3  ;

Table altered.

SQL> 
SQL> ALTER TABLE "PAIS"
  2   ADD CONSTRAINT "PK_PAIS "
  3  	PRIMARY KEY ("IDPAIS") USING INDEX
  4  ;

Table altered.

SQL> 
SQL> ALTER TABLE "ITEM"
  2   ADD CONSTRAINT "PK_ITEM"
  3  	PRIMARY KEY ("IDITEM") USING INDEX
  4  ;

Table altered.

SQL> 
SQL> ALTER TABLE "ITEM"
  2   ADD CONSTRAINT "CK_CANTIDADITEM" CHECK (CANTIDAD>0)
  3  ;

Table altered.

SQL> 
SQL> ALTER TABLE "ITEM"
  2   ADD CONSTRAINT "CK_PRECIOVENTA" CHECK (PRECIOVENTA>0)
  3  ;

Table altered.

SQL> 
SQL> ALTER TABLE "ESTADOVENTA"
  2   ADD CONSTRAINT "PK_ESTADOVENTA"
  3  	PRIMARY KEY ("IDESTADOVENTA") USING INDEX
  4  ;

Table altered.

SQL> 
SQL> ALTER TABLE "DETALLEVENTA"
  2   ADD CONSTRAINT "PK_DETALLEVENTA"
  3  	PRIMARY KEY ("IDDETALLEVENTA") USING INDEX
  4  ;

Table altered.

SQL> 
SQL> ALTER TABLE "DETALLEVENTA"
  2   ADD CONSTRAINT "CK_CANTIDADDETALLEVENTA" CHECK (CANTIDAD>0)
  3  ;

Table altered.

SQL> 
SQL> ALTER TABLE "DETALLEVENTA"
  2   ADD CONSTRAINT "CK_PRECIOTOTAL" CHECK (PRECIOTOTAL>0)
  3  ;

Table altered.

SQL> 
SQL> ALTER TABLE "CONTACTO"
  2   ADD CONSTRAINT "PK_CONTACTO "
  3  	PRIMARY KEY ("IDCONTACTO") USING INDEX
  4  ;

Table altered.

SQL> 
SQL> ALTER TABLE "CIUDAD"
  2   ADD CONSTRAINT "PK_CIUDAD"
  3  	PRIMARY KEY ("IDCIUDAD","IDPAIS","IDREGION") USING INDEX
  4  ;

Table altered.

SQL> 
SQL> ALTER TABLE "CATEGORIA"
  2   ADD CONSTRAINT "PK_CATEGORIA"
  3  	PRIMARY KEY ("IDCATEGORIA") USING INDEX
  4  ;

Table altered.

SQL> 
SQL> ALTER TABLE "CARGO"
  2   ADD CONSTRAINT "PK_CARGO"
  3  	PRIMARY KEY ("IDCARGO") USING INDEX
  4  ;

Table altered.

SQL> 
SQL> ALTER TABLE "CALIFICACION"
  2   ADD CONSTRAINT "PK_CALIFICACION"
  3  	PRIMARY KEY ("IDCALIFICACION") USING INDEX
  4  ;

Table altered.

SQL> 
SQL> ALTER TABLE "CALIFICACION"
  2   ADD CONSTRAINT "CK_PUNTAJECALIFICACION" CHECK (PUNTAJECALIFICACION>= 1 AND PUNTAJECALIFICACION<=5)
  3  ;

Table altered.

SQL> 
SQL> ALTER TABLE "BANCO"
  2   ADD CONSTRAINT "PK_BANCO"
  3  	PRIMARY KEY ("IDBANCO") USING INDEX
  4  ;

Table altered.

SQL> 
SQL> /* Create Foreign Key Constraints */
SQL> 
SQL> ALTER TABLE "VENTA"
  2   ADD CONSTRAINT "FK_VENTA_BANCO"
  3  	FOREIGN KEY ("IDBANCO") REFERENCES "BANCO" ("IDBANCO")
  4  ;

Table altered.

SQL> 
SQL> ALTER TABLE "VENTA"
  2   ADD CONSTRAINT "FK_VENTA_ESTADOVENTA"
  3  	FOREIGN KEY ("IDESTADOVENTA") REFERENCES "ESTADOVENTA" ("IDESTADOVENTA")
  4  ;

Table altered.

SQL> 
SQL> ALTER TABLE "VENTA"
  2   ADD CONSTRAINT "FK_VENTA_PERSONA"
  3  	FOREIGN KEY ("IDREPRESENTANTE") REFERENCES "PERSONA" ("IDPERSONA")
  4  ;

Table altered.

SQL> 
SQL> ALTER TABLE "VENTA"
  2   ADD CONSTRAINT "FK_VENTA_PERSONA02"
  3  	FOREIGN KEY ("IDCLIENTE") REFERENCES "PERSONA" ("IDPERSONA")
  4  ;

Table altered.

SQL> 
SQL> ALTER TABLE "VENTA"
  2   ADD CONSTRAINT "FK_VENTA_TIPOPAGO"
  3  	FOREIGN KEY ("IDTIPOPAGO") REFERENCES "TIPOPAGO" ("IDTIPOPAGO")
  4  ;

Table altered.

SQL> 
SQL> ALTER TABLE "SUBCATEGORIA"
  2   ADD CONSTRAINT "FK_SUBCATEGORIA_CATEGORIA"
  3  	FOREIGN KEY ("IDCATEGORIA") REFERENCES "CATEGORIA" ("IDCATEGORIA")
  4  ;

Table altered.

SQL> 
SQL> ALTER TABLE "REGION"
  2   ADD CONSTRAINT "FK_REGION_PAIS "
  3  	FOREIGN KEY ("IDPAIS") REFERENCES "PAIS" ("IDPAIS")
  4  ;

Table altered.

SQL> 
SQL> ALTER TABLE "PRODUCTO"
  2   ADD CONSTRAINT "FK_PRODUCTO_CATEGORIA"
  3  	FOREIGN KEY ("IDCATEGORIA") REFERENCES "CATEGORIA" ("IDCATEGORIA")
  4  ;

Table altered.

SQL> 
SQL> ALTER TABLE "PRODUCTO"
  2   ADD CONSTRAINT "FK_PRODUCTO_SUBCATEGORIA"
  3  	FOREIGN KEY ("IDSUBCATEGORIA") REFERENCES "SUBCATEGORIA" ("IDSUBCATEGORIA")
  4  ;

Table altered.

SQL> 
SQL> ALTER TABLE "PERSONA"
  2   ADD CONSTRAINT "FK_PERSONA_CARGO"
  3  	FOREIGN KEY ("IDCARGO") REFERENCES "CARGO" ("IDCARGO")
  4  ;

Table altered.

SQL> 
SQL> ALTER TABLE "PERSONA"
  2   ADD CONSTRAINT "FK_PERSONA_CIUDAD"
  3  	FOREIGN KEY ("IDCIUDAD","IDPAIS","IDREGION") REFERENCES "CIUDAD" ("IDCIUDAD","IDPAIS","IDREGION")
  4  ;

Table altered.

SQL> 
SQL> ALTER TABLE "PERSONA"
  2   ADD CONSTRAINT "FK_PERSONA_PERSONA"
  3  	FOREIGN KEY ("IDREPRESENTANTECLIENTE") REFERENCES "PERSONA" ("IDPERSONA")
  4  ;

Table altered.

SQL> 
SQL> ALTER TABLE "PERSONA"
  2   ADD CONSTRAINT "FK_PERSONA_TIPOREPRESENTANT_01"
  3  	FOREIGN KEY ("IDTIPOREPRESENTANTE") REFERENCES "TIPOREPRESENTANTEVENTAS" ("IDTIPOREPRESENTANTE")
  4  ;

Table altered.

SQL> 
SQL> ALTER TABLE "ITEM"
  2   ADD CONSTRAINT "FK_ITEM_PRODUCTO"
  3  	FOREIGN KEY ("IDPRODUCTO") REFERENCES "PRODUCTO" ("IDPRODUCTO")
  4  ;

Table altered.

SQL> 
SQL> ALTER TABLE "ITEM"
  2   ADD CONSTRAINT "FK_ITEM_STOCK"
  3  	FOREIGN KEY ("IDSTOCK","IDPAIS","IDREGION") REFERENCES "STOCK" ("IDSTOCK","IDPAIS","IDREGION")
  4  ;

Table altered.

SQL> 
SQL> ALTER TABLE "DETALLEVENTA"
  2   ADD CONSTRAINT "FK_DETALLEVENTA_PRODUCTO"
  3  	FOREIGN KEY ("IDPRODUCTO") REFERENCES "PRODUCTO" ("IDPRODUCTO")
  4  ;

Table altered.

SQL> 
SQL> ALTER TABLE "DETALLEVENTA"
  2   ADD CONSTRAINT "FK_DETALLEVENTA_VENTA"
  3  	FOREIGN KEY ("IDVENTA") REFERENCES "VENTA" ("IDVENTA")
  4  ;

Table altered.

SQL> 
SQL> ALTER TABLE "CONTACTO"
  2   ADD CONSTRAINT "FK_CONTACTO _PERSONA"
  3  	FOREIGN KEY ("IDPERSONA") REFERENCES "PERSONA" ("IDPERSONA")
  4  ;

Table altered.

SQL> 
SQL> ALTER TABLE "CONTACTO"
  2   ADD CONSTRAINT "FK_CONTACTO _TIPOCONTACTO"
  3  	FOREIGN KEY ("IDTIPOCONTACTO") REFERENCES "TIPOCONTACTO" ("IDTIPOCONTACTO")
  4  ;

Table altered.

SQL> 
SQL> ALTER TABLE "CIUDAD"
  2   ADD CONSTRAINT "FK_CIUDAD_REGION"
  3  	FOREIGN KEY ("IDREGION","IDPAIS") REFERENCES "REGION" ("IDREGION","IDPAIS")
  4  ;

Table altered.

SQL> 
SQL> ALTER TABLE "CALIFICACION"
  2   ADD CONSTRAINT "FK_CALIFICACION_PERSONA"
  3  	FOREIGN KEY ("IDCLIENTE") REFERENCES "PERSONA" ("IDPERSONA")
  4  ;

Table altered.

SQL> 
SQL> ALTER TABLE "CALIFICACION"
  2   ADD CONSTRAINT "FK_CALIFICACION_PERSONA02"
  3  	FOREIGN KEY ("IDREPRESENTATE") REFERENCES "PERSONA" ("IDPERSONA")
  4  ;

Table altered.

SQL> start C:\Users\Santiago\Documents\NetBeansProjects\FinalBases2\SCRIPT\ScriptLlenado.sql

1 row created.


1 row created.


1 row created.


1 row created.


1 row created.


1 row created.


1 row created.


1 row created.


1 row created.


1 row created.


1 row created.


1 row created.


1 row created.


1 row created.


1 row created.


1 row created.


1 row created.


1 row created.


1 row created.


1 row created.


1 row created.


1 row created.


1 row created.


1 row created.


1 row created.


1 row created.


1 row created.


1 row created.


1 row created.


1 row created.


1 row created.


1 row created.


1 row created.


1 row created.


1 row created.


1 row created.


1 row created.


1 row created.


1 row created.


1 row created.


1 row created.


1 row created.


1 row created.


1 row created.


1 row created.


1 row created.


1 row created.


1 row created.


1 row created.


1 row created.


1 row created.


1 row created.


1 row created.


1 row created.


1 row created.


1 row created.


1 row created.


1 row created.


1 row created.


1 row created.


1 row created.


1 row created.


1 row created.


1 row created.


1 row created.


1 row created.


1 row created.


1 row created.


1 row created.


1 row created.


1 row created.


1 row created.


1 row created.


1 row created.


1 row created.


1 row created.


1 row created.


1 row created.


1 row created.


1 row created.


1 row created.


1 row created.


1 row created.


1 row created.


1 row created.


1 row created.


1 row created.


1 row created.


1 row created.


1 row created.


1 row created.


1 row created.

INSERT INTO PERSONA(IDPERSONA,NOMBRE,APELLIDO,GENERO,IDCIUDAD,IDPAIS,IDREGION,IDREPRESENTANTECLIENTE,IDTIPOREPRESENTANTE,IDCARGO) VALUES(1018485092,'Santiago','Collazos Barrera','M',1,1,1,NULL,NULL,4,NULL)
            *
ERROR at line 1:
ORA-00913: too many values 


INSERT INTO PERSONA(IDPERSONA,NOMBRE,APELLIDO,GENERO,IDCIUDAD,IDPAIS,IDREGION,IDREPRESENTANTECLIENTE,IDTIPOREPRESENTANTE,IDCARGO) VALUES(1005855865,'Álvaro','Abril Olis','M',5,1,1,NULL,NULL,3,NULL)
            *
ERROR at line 1:
ORA-00913: too many values 


INSERT INTO PERSONA(IDPERSONA,NOMBRE,APELLIDO,GENERO,IDCIUDAD,IDPAIS,IDREGION,IDREPRESENTANTECLIENTE,IDTIPOREPRESENTANTE,IDCARGO) VALUES(1016091072,'Johan Sebastian','Bonilla Plata','M',1,1,1,NULL,NULL,3,NULL)
            *
ERROR at line 1:
ORA-00913: too many values 


INSERT INTO PERSONA(IDPERSONA,NOMBRE,APELLIDO,GENERO,IDCIUDAD,IDPAIS,IDREGION,IDREPRESENTANTECLIENTE,IDTIPOREPRESENTANTE,IDCARGO) VALUES(1023944061,'Pablo Andrés','Cubillos Arias','M',1,1,1,NULL,NULL,2,NULL)
            *
ERROR at line 1:
ORA-00913: too many values 


INSERT INTO PERSONA(IDPERSONA,NOMBRE,APELLIDO,GENERO,IDCIUDAD,IDPAIS,IDREGION,IDREPRESENTANTECLIENTE,IDTIPOREPRESENTANTE,IDCARGO) VALUES(1018492522,'Juan Andrés','Rojas Alvarez','M',9,1,1,NULL,NULL,1,NULL)
            *
ERROR at line 1:
ORA-00913: too many values 



1 row created.


1 row created.


1 row created.


1 row created.


1 row created.


1 row created.


1 row created.


1 row created.


1 row created.


1 row created.


1 row created.


1 row created.


1 row created.


1 row created.


1 row created.


1 row created.


1 row created.


1 row created.


1 row created.


1 row created.


1 row created.


1 row created.


1 row created.


1 row created.


1 row created.


1 row created.


1 row created.


1 row created.


1 row created.


1 row created.


1 row created.


1 row created.


1 row created.


1 row created.


1 row created.


1 row created.


1 row created.


1 row created.


1 row created.


1 row created.


1 row created.


1 row created.


1 row created.


1 row created.


1 row created.


1 row created.


1 row created.


1 row created.


1 row created.


1 row created.


1 row created.


1 row created.


1 row created.


1 row created.


1 row created.


1 row created.


1 row created.


1 row created.


1 row created.


1 row created.


1 row created.


1 row created.


1 row created.


1 row created.


1 row created.


1 row created.


1 row created.


1 row created.


1 row created.


1 row created.


1 row created.


1 row created.


1 row created.


1 row created.


1 row created.


1 row created.


1 row created.


1 row created.


1 row created.


1 row created.


1 row created.


1 row created.


1 row created.


1 row created.


1 row created.


1 row created.


1 row created.


1 row created.


1 row created.


1 row created.


1 row created.


1 row created.


1 row created.


1 row created.


1 row created.


1 row created.


1 row created.


1 row created.


1 row created.


1 row created.


1 row created.


1 row created.


1 row created.


1 row created.


1 row created.


1 row created.


1 row created.


1 row created.


1 row created.


1 row created.


1 row created.


1 row created.


1 row created.


1 row created.


1 row created.


1 row created.


1 row created.


1 row created.


1 row created.


1 row created.


1 row created.


1 row created.


1 row created.


1 row created.


1 row created.


1 row created.


1 row created.


1 row created.


1 row created.


1 row created.


1 row created.


1 row created.


1 row created.


1 row created.


1 row created.


1 row created.


1 row created.


1 row created.


1 row created.


1 row created.


1 row created.


1 row created.


1 row created.


1 row created.


1 row created.


1 row created.


1 row created.


1 row created.


1 row created.


1 row created.


1 row created.


1 row created.


1 row created.


1 row created.


1 row created.


1 row created.


1 row created.


1 row created.


1 row created.


1 row created.


1 row created.


1 row created.


1 row created.


1 row created.


1 row created.


1 row created.


1 row created.


1 row created.


1 row created.


1 row created.


1 row created.


1 row created.


1 row created.


1 row created.


1 row created.


1 row created.


1 row created.


1 row created.


1 row created.


1 row created.


1 row created.


1 row created.


1 row created.


1 row created.


1 row created.


1 row created.


1 row created.


1 row created.


1 row created.


1 row created.


1 row created.


1 row created.


1 row created.


1 row created.


1 row created.


1 row created.


1 row created.


1 row created.


1 row created.


1 row created.


1 row created.


1 row created.


1 row created.


1 row created.


1 row created.


1 row created.


1 row created.


1 row created.


1 row created.


1 row created.


1 row created.


1 row created.


1 row created.


1 row created.


1 row created.


1 row created.


1 row created.


1 row created.


1 row created.


1 row created.


1 row created.


1 row created.


1 row created.


1 row created.


1 row created.


1 row created.


1 row created.


1 row created.


1 row created.


1 row created.


1 row created.


1 row created.


1 row created.


1 row created.


1 row created.


1 row created.


1 row created.


1 row created.


1 row created.


1 row created.


1 row created.


1 row created.


1 row created.


1 row created.


1 row created.


1 row created.


1 row created.


1 row created.


1 row created.


1 row created.


1 row created.


1 row created.


1 row created.


1 row created.


1 row created.


1 row created.


1 row created.


1 row created.


1 row created.


1 row created.


1 row created.


1 row created.


1 row created.


1 row created.


1 row created.


1 row created.


1 row created.


1 row created.


1 row created.


1 row created.


1 row created.


1 row created.


1 row created.


1 row created.


1 row created.


1 row created.


1 row created.


1 row created.


1 row created.


1 row created.


1 row created.


1 row created.


1 row created.


1 row created.


1 row created.


1 row created.


1 row created.


1 row created.


1 row created.


1 row created.


1 row created.


1 row created.


1 row created.


1 row created.


1 row created.


1 row created.


1 row created.


1 row created.


1 row created.


1 row created.


1 row created.


1 row created.


1 row created.


1 row created.


1 row created.


1 row created.


1 row created.


1 row created.


1 row created.


1 row created.


1 row created.


1 row created.


1 row created.


1 row created.


1 row created.


1 row created.


1 row created.


1 row created.


1 row created.


1 row created.


1 row created.


1 row created.


1 row created.


1 row created.


1 row created.


1 row created.


1 row created.


1 row created.


1 row created.


1 row created.


1 row created.


1 row created.


1 row created.


1 row created.


1 row created.


1 row created.


1 row created.


1 row created.


1 row created.


1 row created.


1 row created.


1 row created.


1 row created.


1 row created.


1 row created.


1 row created.


1 row created.


1 row created.


1 row created.


1 row created.


1 row created.


1 row created.


1 row created.


1 row created.


1 row created.


1 row created.


1 row created.


1 row created.


1 row created.


1 row created.


1 row created.


1 row created.


1 row created.


1 row created.


1 row created.


1 row created.


1 row created.


1 row created.


1 row created.


1 row created.


1 row created.


1 row created.


1 row created.


1 row created.


1 row created.


1 row created.


1 row created.


1 row created.


1 row created.


1 row created.


1 row created.


1 row created.


1 row created.


1 row created.


1 row created.


1 row created.


1 row created.


1 row created.


1 row created.


1 row created.


1 row created.


1 row created.


1 row created.


1 row created.


1 row created.


1 row created.


1 row created.


1 row created.


1 row created.


1 row created.


1 row created.


1 row created.


1 row created.


1 row created.


1 row created.


1 row created.


1 row created.


1 row created.


1 row created.


1 row created.


1 row created.


1 row created.


1 row created.


1 row created.


1 row created.


1 row created.


1 row created.


1 row created.


1 row created.


1 row created.


1 row created.


1 row created.


1 row created.


1 row created.


1 row created.


1 row created.


1 row created.


1 row created.


1 row created.


1 row created.


1 row created.


1 row created.


1 row created.


1 row created.


1 row created.


1 row created.


1 row created.


1 row created.


1 row created.


1 row created.


1 row created.


1 row created.


1 row created.


1 row created.


1 row created.


1 row created.


1 row created.


1 row created.


1 row created.


1 row created.


1 row created.


1 row created.


1 row created.


1 row created.


1 row created.


1 row created.


1 row created.


1 row created.


1 row created.


1 row created.


1 row created.


1 row created.


1 row created.


1 row created.


1 row created.

SQL> spool off;
